-----BEGIN BENCHMARK JSON-----
{
  "run_name": "tpu-verify-20260813-075510",
  "dataset_rows": 5000,
  "features": 16,
  "epochs": 200,
  "batch_size": 256,
  "steps": 2600,
  "compile_seconds": 0.17689690100000632,
  "data_loading_seconds": 0.038143550000000914,
  "device_transfer_seconds": 0.004727961000000391,
  "training_seconds": 6.571845429000007,
  "mean_step_ms": 2.517253784999991,
  "p95_step_ms": 2.5400755000021036,
  "steps_per_second": 395.62707736959425,
  "measured_end_to_end_seconds": 12.716376490000002,
  "validation_accuracy": 0.8706666666666667,
  "test_accuracy": 0.8586666666666667,
  "test_roc_auc": 0.6933815774053674,
  "telemetry": {
    "visible_devices": [
      "TPU_0(process=0,(0,0,0,0))",
      "TPU_1(process=0,(1,0,0,0))",
      "TPU_2(process=0,(0,1,0,0))",
      "TPU_3(process=0,(1,1,0,0))",
      "TPU_4(process=0,(0,2,0,0))",
      "TPU_5(process=0,(1,2,0,0))",
      "TPU_6(process=0,(0,3,0,0))",
      "TPU_7(process=0,(1,3,0,0))"
    ],
    "device_count": 8,
    "platform": "Linux-6.12.85+-x86_64-with-glibc2.41",
    "jax_version": "0.6.2",
    "cpu_affinity_count": 224,
    "process_cpu_seconds": 23.305929556000002,
    "process_cpu_utilization_percent": 0.8181916323161645,
    "peak_host_rss_mib": 6547.92578125,
    "gpu_sample_interval_seconds": 0.5,
    "gpu_samples": [],
    "gpu_sampling": "nvidia-smi not available"
  }
}
-----END BENCHMARK JSON-----
-----BEGIN BENCHMARK CSV-----
run_name,dataset_rows,features,epochs,batch_size,steps,compile_seconds,data_loading_seconds,device_transfer_seconds,training_seconds,mean_step_ms,p95_step_ms,steps_per_second,measured_end_to_end_seconds,validation_accuracy,test_accuracy,test_roc_auc,devices
tpu-verify-20260813-075510,5000,16,200,256,2600,0.17689690100000632,0.038143550000000914,0.004727961000000391,6.571845429000007,2.517253784999991,2.5400755000021036,395.62707736959425,12.716376490000002,0.8706666666666667,0.8586666666666667,0.6933815774053674,"TPU_0(process=0,(0,0,0,0)); TPU_1(process=0,(1,0,0,0)); TPU_2(process=0,(0,1,0,0)); TPU_3(process=0,(1,1,0,0)); TPU_4(process=0,(0,2,0,0)); TPU_5(process=0,(1,2,0,0)); TPU_6(process=0,(0,3,0,0)); TPU_7(process=0,(1,3,0,0))"
-----END BENCHMARK CSV-----
