Name:             churn-gpu-probe-ways-58-9pbfk
Namespace:        ns-student58
Priority:         0
Service Account:  default
Node:             hpcc-pilot/171.64.55.188
Start Time:       Wed, 12 Aug 2026 23:48:34 -0700
Labels:           batch.kubernetes.io/controller-uid=37c07d72-abd2-4331-9bb8-8991a9d4999d
                  batch.kubernetes.io/job-name=churn-gpu-probe-ways-58
                  controller-uid=37c07d72-abd2-4331-9bb8-8991a9d4999d
                  job-name=churn-gpu-probe-ways-58
Annotations:      <none>
Status:           Failed
IP:               10.244.1.141
IPs:
  IP:           10.244.1.141
Controlled By:  Job/churn-gpu-probe-ways-58
Containers:
  probe:
    Container ID:  containerd://cdc2a4c3b638d0629f9332e543308162d3596f378cdaf2a3f9adb8df4e62ac1a
    Image:         nvcr.io/nvidia/jax:25.01-py3
    Image ID:      nvcr.io/nvidia/jax@sha256:a47ccf3615b9bf510859f2b492c4e632332f6a30b758eda9397606a3a2b0951e
    Port:          <none>
    Host Port:     <none>
    Command:
      python
      -c
    Args:
      import platform
      import jax, numpy, pandas, sklearn
      print("architecture=", platform.machine())
      print("jax_version=", jax.__version__)
      print("numpy_version=", numpy.__version__)
      print("pandas_version=", pandas.__version__)
      print("sklearn_version=", sklearn.__version__)
      print("jax_devices=", jax.devices())
      
    State:          Terminated
      Reason:       Error
      Exit Code:    1
      Started:      Wed, 12 Aug 2026 23:48:37 -0700
      Finished:     Wed, 12 Aug 2026 23:48:38 -0700
    Ready:          False
    Restart Count:  0
    Limits:
      cpu:             1
      memory:          2Gi
      nvidia.com/gpu:  1
    Requests:
      cpu:             1
      memory:          2Gi
      nvidia.com/gpu:  1
    Environment:       <none>
    Mounts:
      /var/run/secrets/kubernetes.io/serviceaccount from kube-api-access-9twg8 (ro)
Conditions:
  Type                        Status
  PodReadyToStartContainers   False 
  Initialized                 True 
  Ready                       False 
  ContainersReady             False 
  PodScheduled                True 
Volumes:
  kube-api-access-9twg8:
    Type:                    Projected (a volume that contains injected data from multiple sources)
    TokenExpirationSeconds:  3607
    ConfigMapName:           kube-root-ca.crt
    ConfigMapOptional:       <nil>
    DownwardAPI:             true
QoS Class:                   Guaranteed
Node-Selectors:              kubernetes.io/arch=arm64
Tolerations:                 node.kubernetes.io/not-ready:NoExecute op=Exists for 300s
                             node.kubernetes.io/unreachable:NoExecute op=Exists for 300s
Events:
  Type    Reason     Age    From               Message
  ----    ------     ----   ----               -------
  Normal  Scheduled  2m21s  default-scheduler  Successfully assigned ns-student58/churn-gpu-probe-ways-58-9pbfk to hpcc-pilot
  Normal  Pulling    2m15s  kubelet            Pulling image "nvcr.io/nvidia/jax:25.01-py3"
  Normal  Pulled     2m12s  kubelet            Successfully pulled image "nvcr.io/nvidia/jax:25.01-py3" in 2.423s (2.423s including waiting). Image size: 7476023804 bytes.
  Normal  Created    2m12s  kubelet            Created container: probe
  Normal  Started    2m12s  kubelet            Started container probe
